

??????

    1. ??1
??1???,???
        1.1. ??1.1
??1.1???,???,???,???,???,???,???,???,???,???,???,???,???,???,???,???,???,???,???,???,???,???,???,???,???,???,???,???,???,???,???,???,???,???,???,???,???,???,,???,,???,,???,………………… 
        1.2. ??1.2
?????3x3
11
12
13
21
22
23
31
32
33

