

TEST? 
111 ?g.h/mL (AUC) and 15 ?g/mL (Cmax).  
TEST? 
Greek mu?
(

