

INSTITUTO DE PESQUISAS TECNOLÓGICAS DO ESTADO DE SÃO PAULO S.A.
IPT - SP


LOCAIS PARA APLICAÇÃO DAS PROVAS DA PRIMEIRA E SEGUNDA FASES DO CONCURSO PÚBLICO

EDITAL Nº 003/08

O INSTITUTO DE PESQUISAS TECNOLÓGICAS DO ESTADO DE SÃO PAULO S.A., através da Comissão Organizadora do Concurso Público, nos termos da legislação vigente e do Edital nº 001/08, torna púbico os locais de aplicação das provas da primeira e segunda fases a serem aplicadas pelo Instituto Cidades no dia 19 de Outubro de 2008 (domingo) e a relação dos candidatos que tiveram a inscrição deferida para concorrer na condição de Portador de Necessidade Especial.

Lembramos que o Horário de Verão terá início à 0 hora do dia 19 de Outubro de 2008 (domingo –  mesma data da prova), desta forma os relógios devem ser adiantados em uma hora.

Serão publicadas as provas e os gabaritos da 1ª e 2ª fases das Provas Objetivas (conhecimentos gerais e específicos), bem como as questões das provas dissertativas em até 48 horas após a realização do Certame. Serão publicados os critérios de correção das provas dissertativas quando da publicação da lista de classificados nesta fase.

São Paulo, em 08 de outubro de 2008.
Comissão Organizadora do Concurso Público do IPT - SP
