Verordnung
zur Änderung der Ersten, Zweiten und Dritten Wahlordnung zum Mitbestimmungsgesetz
und zur Neufassung der Wahlordnung zum Mitbestimmungsergänzungsgesetz
Kurz
Vom ...
Auf Grund des § 39 des Mitbestimmungsgesetzes vom 4. Mai 1976 (BGBl. I S. 1153), der zuletzt durch Artikel 12 Nr. 16 des Gesetzes vom 23. Juli 2001 (BGBl. I S. 1852) geändert worden ist, und des § 17 des Gesetzes zur Ergänzung des Gesetzes über die Mitbestimmung der Arbeitnehmer in den Aufsichtsräten und Vorständen der Unternehmen des Bergbaus und der       Eisen und Stahl erzeugenden Industrie (Mitbestimmungsergänzungsgesetz) in der im Bundesgesetzblatt Teil III, Gliederungsnummer 801-3, veröffentlichten bereinigten Fassung, der zuletzt durch Artikel 10 Nr. 12 des Gesetzes vom 23. Juli 2001 (BGBl. I S. 1852) geändert worden ist, verordnet die Bundesregierung:

Änderung der Ersten
Wahlordnung zum Mitbestimmungsgesetz
Die Erste Wahlordnung zum Mitbestimmungsgesetz vom 27. Mai 2002 (BGBl. I S. 1682) wird wie folgt geändert:
In § 15 Abs. 1 Satz 3 wird das Semikolon durch einen Punkt ersetzt und der nachfolgende Satzteil gestrichen.
§ 16 wird wie folgt geändert:
In Absatz 1 Satz 2 wird das Wort Wahlumschläge“ durch das Wort Stimmzettel“ ersetzt.
Absatz 3 wird wie folgt gefasst:
(3) Die abstimmende Person kennzeichnet ihren Stimmzettel unbeobachtet und faltet ihn in der Weise, dass ihre Stimme nicht erkennbar ist. Danach gibt sie ihren Namen an und wirft den gefalteten Stimmzettel in die Wahlurne, nachdem die Stimmabgabe in der Wählerliste vermerkt worden ist.“
In § 17 Abs. 1 Satz 1 wird das Wort  , Wahlumschlägen“ gestrichen.
§ 19 wird wie folgt geändert:
Absatz 1 Nr. 1 wird wie folgt gefasst:
1. den Stimmzettel unbeobachtet persönlich kennzeichnet und so faltet und in dem zugehörigen Wahlumschlag verschließt, dass die Stimmabgabe erst nach Auseinanderfalten des Stimmzettels erkennbar ist;“
Absatz 2 wird wie folgt geändert:
In Satz 2 werden die Wörter und legt die Wahlumschläge ungeöffnet“ durch die Wörter  , öffnet die Wahlumschläge und legt die Stimmzettel“ ersetzt.
Nach Satz 2 wird folgender Satz 3 angefügt:
Befinden sich in einem Wahlumschlag mehrere gekennzeichnete Stimmzettel, werden sie in dem Wahlumschlag in die Wahlurne gelegt.“
Die §§ 20, 39 und 60 werden jeweils wie folgt geändert:
In Absatz 2 werden die Wärter den Wahlumschlägen“ gestrichen.
Absatz 3 Satz 2 wird wie folgt gefasst:
Befindet sich ein Wahlumschlag mit mehreren gekennzeichneten Stimmzetteln in der Wahlurne, werden die Stimmen einfach gezählt, wenn sie vollständig Übereinstimmen, andernfalls sind sie ungültig.“
In § 21 wird die Nummer 1 gestrichen; die bisherigen Nummern 2 bis 9 werden die Nummern 1 bis 8.
§ 30 wird wie folgt geändert:
In Absatz 2 Satz 3 werden die Wörter in den hierfür bestimmten Umschlägen (Wahlumschlägen)“ gestrichen.
In Absatz 3 Satz 4 wird das Semikolon durch einen Punkt ersetzt und der nachfolgende Satzteil gestrichen.
Absatz 5 wird wie folgt geändert:
In Satz 4 werden die Wörter den Wahlumschlägen“ gestrichen.
Satz 6 wird wie folgt gefasst:
Befindet sich ein Wahlumschlag mit mehreren gekennzeichneten Stimmzetteln in der Wahlurne, werden die Stimmen einfach gezählt, wenn sie vollständig Übereinstimmen, andernfalls sind sie ungültig.“
In § 31 wird die Nummer 1 gestrichen; die bisherigen Nummern 2 bis 8 werden die Nummern 1 bis 7.
§ 38 wird wie folgt geändert:
In Satz 3 wird das Semikolon durch einen Punkt ersetzt und der nachfolgende Satzteil gestrichen.
In Satz 4 werden die Wörter und Wahlumschläge“ sowie die Wörter und Wahlumschlägen“ gestrichen.
In § 41 Abs. 1 Satz 3 werden die Wörter in den hierfür bestimmten Umschlägen (Wahlumschlägen)“ gestrichen.
In § 42 Abs. 2 Satz 1 und § 76 Abs. 2 Satz 1 werden jeweils die Wörter den Wahlumschlägen“ gestrichen.
Die §§ 46 und 64 werden jeweils wie folgt geändert:
Absatz 1 Nr. 1 wird wie folgt gefasst:
1. die Stimmzettel unbeobachtet persönlich kennzeichnet und so faltet und in den zugehörigen Wahlumschlägen verschließt, dass die Stimmabgabe erst nach Auseinanderfalten der Stimmzettel erkennbar ist;“.
Absatz 2 wird wie folgt geändert:
In Satz 2 werden die Wörter und legt die Wahlumschläge ungeöffnet“ durch die Wörter  , öffnet die Wahlumschläge und legt die Stimmzettel“ ersetzt.
Nach Satz 2 wird folgender Satz 3 angefügt:
Befinden sich in einem Wahlumschlag mehrere gekennzeichnete Stimmzettel, werden sie in dem Wahlumschlag in die Wahlurne gelegt.“
In § 47 wird die Nummer 1 gestrichen; die bisherigen Nummern 2 bis 10 werden die Nummern 1 bis 9.
In § 54 Abs. 1 Satz 2 Nr. 1 und 2 wird jeweils die Angabe Zehntel oder 100“ durch die Angabe Zwanzigstel oder 50“ ersetzt.
§ 59 wird wie folgt geändert:
In Absatz 1 Satz 2 werden die Wörter in den hierfür bestimmten Umschlägen (Wahlumschlägen)“ gestrichen.
Absatz 2 wird wie folgt geändert:
In Satz 3 wird das Semikolon durch einen Punkt ersetzt und der nachfolgende Satzteil gestrichen.
In Satz 4 werden die Wörter und Wahlumschläge“ sowie die Wörter und Wahlumschlägen“ gestrichen.
In § 65 wird die Nummer 1 gestrichen; die bisherigen Nummern 2 bis 9 werden die Nummern 1 bis 8.
§ 72 wird wie folgt geändert:
Absatz 1 wird wie folgt geändert:
In Satz 2 werden die Wörter in den hierfür bestimmten Umschlägen (Wahlumschlägen)“ gestrichen.
In Satz 3 werden die Wörter in einem Wahlumschlag“ gestrichen.
In Absatz 2 Satz 3 wird der Punkt am Ende des Satzes durch ein Komma ersetzt und es werden die Wörter wenn Wahlumschläge verwendet werden.“ angefügt.
Nach Absatz 4 wird folgender Absatz 5 angefügt:
(5)	Der Betriebswahlvorstand kann beschließen, § 16 Abs. 3 mit der Maßgabe anzuwenden, dass Stimmzettel ungefaltet und in Wahlumschlägen in die Wahlurne zu werfen sind, wenn das vorgesehene Verfahren der Stimmauszählung ungefaltete Stimmzettel erfordert.“
§ 73 wird wie folgt geändert:
In Absatz 2 werden die Wörter den Wahlumschlägen“ gestrichen.
Dem Absatz 3 Satz 2 werden die Wörter Werden Wahlumschläge verwendet und“ vorangestellt und das nachfolgende Wort Befinden“ klein geschrieben.
§ 75 Abs. 1 wird wie folgt geändert:
In Satz 3 werden die Wörter in den hierfür bestimmten Umschlägen (Wahlumschlägen)“ gestrichen.
In Satz 4 werden die Wörter in einem Wahlumschlag“ gestrichen.
Nach Absatz 4 wird folgender Absatz 5 angefügt:
(5)	§ 72 Abs. 5 findet Anwendung.“
In § 78 Abs. 3 Satz 3 wird die Angabe § 72 Abs. 3 Satz 2“ durch die Angabe § 72 Abs. 3 Satz 2 und Abs. 5“ ersetzt.
In § 79 wird die Nummer 1 gestrichen; die bisherigen Nummern 2 bis 10 werden die Nummern 1 bis 9.
In § 90 wird die Angabe 72 Abs. 1 Satz 3 und 4“ durch die Angabe 72 Abs. 1 Satz 3 und 4, Abs. 2 Satz 3 und Abs. 5“ ersetzt.

Wahlordnung
zum Mitbestimmungsergänzungsgesetz
Inhaltsübersicht
Teil 1
Wahl der Aufsichtsrats- mitglieder der Arbeitnehmer
Kapitel 1
Einleitung der Wahl, Abstimmung über die Art der Wahl, Wahlvorschläge
Abschnitt 1
Einleitung der Wahl
§ 1	Bekanntmachung der Unternehmen
§ 2	Wahlvorstände
§ 3	Zusammensetzung des Hauptwahlvorstands
§ 4	Zusammensetzung des Betriebswahlvorstands
§ 5	Mitteilungspflicht
§ 6	Geschäftsführung der Wahlvorstände
§ 7	Wählerliste
§ 8	Bekanntmachung über die Bildung der Wahlvorstände und die Wählerliste
§ 9	Übersendung der Wählerliste
§ 10	Einsprüche gegen die Richtigkeit der Wählerliste
Kapitel 2
Unmittelbare Wahl der Aufsichtsratsmitglieder der Arbeitnehmer
Abschnitt 1
Wahlausschreiben
§ 11	Wahlausschreiben
Abschnitt 2
Durchführung der Wahl
Unterabschnitt 1
Wahl mehrerer Aufsichtsratsmitglieder der Arbeitnehmer in einem Wahlgang auf Grund mehrerer Wahlvorschläge
§ 12	Stimmabgabe, Wahlvorgang

Wahl der Aufsichtsrats-
mitglieder der Arbeitnehmer

Einleitung der Wahl, Abstimmung
über die Art der Wahl, Wahlvorschläge

Einleitung der Wahl

Bekanntmachung der Unternehmen
Das herrschende Unternehmen teilt spätestens 25 Wochen vor dem voraussichtlichen Beginn der Amtszeit der zu wählenden Aufsichtsratsmitglieder der Arbeitnehmer den anderen Konzernunternehmen schriftlich mit, dass Aufsichtsratsmitglieder der Arbeitnehmer zu wählen sind. In der Mitteilung ist ferner anzugeben:
der voraussichtliche Beginn der Amtszeit der zu wählenden Aufsichtsratsmitglieder der Arbeitnehmer;
die Zahl der zu wählenden Aufsichtsratsmitglieder der Arbeitnehmer;
die Firmen und die Anschriften der Konzernunternehmen und deren Betriebe sowie die Zahlen der in diesen Unternehmen und Betrieben in der Regel beschäftigten Arbeitnehmer.
Jedes Unternehmen macht die in Absatz 1 bezeichnete Mitteilung unverzüglich bekannt. Die Bekanntmachung kann durch Aushang an einer oder mehreren geeigneten, den Wahlberechtigten zugänglichen Stellen in den Betrieben des Unternehmens und durch Einsatz der im Unternehmen vorhandenen Informations- und Kommunikationstechnik erfolgen. Der Einsatz der Informations- und Kommunikationstechnik ist nur zulässig, wenn der Adressatenkreis dieser Bekanntmachungsform von der Bekanntmachung Kenntnis erlangen kann und Vorkehrungen getroffen sind, damit nur das jeweilige Unternehmen Änderungen der Bekanntmachung vornehmen kann.
Das Unternehmen, in dessen Aufsichtsrat Mitglieder der Arbeitnehmer zu wählen sind, übersendet die Mitteilung nach Absatz 1 unverzüglich
dem Konzernbetriebsrat,
den Gesamtbetriebsräten,
den in den Unternehmen bestehenden Betriebsräten,
den in den Unternehmen vertretenen Gewerkschaften,
den nach § 117 Abs. 2 Satz 1 des Betriebsverfassungsgesetzes durch Tarifvertrag errichteten Vertretungen für im Flugbetrieb beschäftigte Arbeitnehmer.
Nehmen in einem Konzernunternehmen die Arbeitnehmer (Arbeitnehmerinnen und Arbeitnehmer) nach dieser Verordnung an der Wahl von Mitgliedern der Aufsichtsräte mehrerer Unternehmen teil und beginnen die Amtszeiten dieser Aufsichtsratsmitglieder innerhalb eines Zeitraums von höchstens zwölf Monaten, so teilt dieses Unternehmen dies unverzüglich nach der Bekanntmachung nach Absatz 2 den in Satz 1 Nr. 2, 3 und 5 bezeichneten Arbeitnehmervertretungen mit.

Wahlvorstände
Die rechtzeitige Einleitung und die Durchführung der Wahl sowie die Feststellung des Wahlergebnisses obliegen dem Hauptwahlvorstand.
In den einzelnen Betrieben jedes Unternehmens wird die Wahl im Auftrag und nach den Richtlinien des Hauptwahlvorstands durch Betriebswahlvorstände durchgeführt.
Die Wahlvorstände werden unverzüglich nach der in § 1 bezeichneten Bekanntmachung gebildet. Die Geschlechter sollen entsprechend ihrem zahlenmäßigen Verhältnis vertreten sein.

Zusammensetzung
des Hauptwahlvorstands
Der Hauptwahlvorstand besteht aus drei Mitgliedern. Die Arbeitnehmervertretungen, die nach Absatz 3 Mitglieder des Hauptwahlvorstands bestellen, können die Zahl der Mitglieder erhöhen, wenn dies zur ordnungsgemäßen Durchführung der Wahl erforderlich ist. Der Hauptwahlvorstand muss aus einer ungeraden Zahl von Mitgliedern bestehen. Mitglieder des Hauptwahlvorstands können nur Wahlberechtigte von Konzernunternehmen sein.
Für jedes Mitglied des Hauptwahlvorstands kann für den Fall seiner Verhinderung ein Ersatzmitglied bestellt werden.
Der Konzernbetriebsrat bestellt die Mitglieder des Hauptwahlvorstands. Besteht kein Konzernbetriebsrat, so werden diese Mitglieder des Hauptwahlvorstands
vom Gesamtbetriebsrat des herrschenden Unternehmens oder, wenn in diesem nur ein Betriebsrat besteht, vom Betriebsrat oder,
falls in dem herrschenden Unternehmen kein Betriebsrat besteht, vom Gesamtbetriebsrat des nach der Zahl der Wahlberechtigten größten anderen Konzernunternehmens, in dem ein Betriebsrat besteht, oder, wenn in dem Unternehmen nur ein Betriebsrat besteht, vom Betriebsrat bestellt oder,
falls in keinem Unternehmen ein Betriebsrat besteht, in einer Versammlung der in § 5 Abs. 5 des Gesetzes bezeichneten Arbeitnehmer des nach der Zahl der Wahlberechtigten größten Betriebs der Konzernunternehmen mit der Mehrheit der abgegebenen Stimmen gewählt.
Besteht auch eine nach § 117 Abs. 2 Satz 1 des Betriebsverfassungsgesetzes durch Tarifvertrag errichtete Vertretung für im Flugbetrieb beschäftigte Arbeitnehmer, so erfolgt die Bestellung gemeinsam mit dieser Vertretung.

Zusammensetzung
des Betriebswahlvorstands
Der Betriebswahlvorstand besteht aus drei Mitgliedern. Der Betriebsrat kann die Zahl der Mitglieder erhöhen, wenn dies zur ordnungsgemäßen Durchführung der Wahl erforderlich ist. Der Betriebswahlvorstand muss aus einer ungeraden Zahl von Mitgliedern bestehen. Mitglieder des Betriebswahlvorstands können nur Wahlberechtigte des Betriebs sein.
Für jedes Mitglied des Betriebswahlvorstands kann für den Fall seiner Verhinderung ein Ersatzmitglied bestellt werden.
Der Betriebsrat bestellt die Mitglieder des Betriebswahlvorstands. Besteht kein Betriebsrat, so werden die in Satz 1 bezeichneten Mitglieder des Betriebswahlvorstands in einer Betriebsversammlung mit der Mehrheit der abgegebenen Stimmen gewählt.
Ist für einen Betrieb mit nicht mehr als 45 Wahlberechtigten innerhalb von zwei Wochen nach der in § 1 bezeichneten Bekanntmachung kein Betriebswahlvorstand gebildet, so beauftragt der Hauptwahlvorstand für diesen Betrieb den Betriebswahlvorstand eines anderen Betriebs des Unternehmens mit der Wahrnehmung der Aufgaben des Betriebswahlvorstands. Der beauftragte Betriebswahlvorstand kann beschließen, dass in dem Betrieb, für den kein Betriebswahlvorstand gebildet worden ist, die Stimmabgabe bei den in den Kapiteln 1 und 2 bezeichneten Abstimmungen und Wahlen schriftlich erfolgt. Im Fall des Satzes 2 erhalten die Wahlberechtigten dieses Betriebs die in § 17 Abs. 1 bezeichneten Unterlagen für die schriftliche Stimmabgabe, ohne dass es eines Verlangens bedarf; die in den §§ 13 und 32 bezeichneten Ausschreiben sind um folgende Angaben zu ergänzen:
dass für den Betrieb die schriftliche Stimmabgabe beschlossen ist;
den Zeitpunkt, bis zu dem die Wahlbriefe beim Betriebswahlvorstand eingegangen sein müssen.

Mitteilungspflicht
Der Hauptwahlvorstand teilt unverzüglich nach seiner Bildung den Konzernunternehmen, den Betriebswahlvorständen und den im Unternehmen vertretenen Gewerkschaften schriftlich die Namen seiner Mitglieder und seine Anschrift mit. Gleichzeitig teilt er den Betriebswahlvorständen mit, welche Gewerkschaften die Mitteilung erhalten haben.
Jeder Betriebswahlvorstand teilt unverzüglich nach seiner Bildung dem Hauptwahlvorstand schriftlich die Namen seiner Mitglieder und seine Anschrift mit. Gleichzeitig teilt er dem Hauptwahlvorstand mit, ob im Betrieb Gewerkschaften vertreten sind, die die Mitteilung nach Absatz 1 nicht erhalten haben.

Geschäftsführung der Wahlvorstände
Jeder Wahlvorstand wählt aus seiner Mitte einen Vorsitzenden und mindestens einen Stellvertreter.
Der Wahlvorstand kann sich eine schriftliche Geschäftsordnung geben. Der Hauptwahlvorstand kann Wahlberechtigte von Konzernunternehmen und der Betriebswahlvorstand kann Wahlberechtigte des Betriebs als Wahlhelfer zu seiner Unterstützung heranziehen.
Der Wahlvorstand fasst seine Beschlüsse mit einfacher Stimmenmehrheit seiner Mitglieder. Über jede Sitzung des Wahlvorstands ist eine Niederschrift aufzunehmen, die mindestens den Wortlaut der Beschlüsse enthält. Mitglieder des Wahlvorstands, gegen deren Stimmen ein Beschluss gefasst worden ist, können verlangen, dass in der Niederschrift ihre abweichende Meinung vermerkt wird. Die Niederschrift ist von dem Vorsitzenden und einem weiteren Mitglied des Wahlvorstands zu unterzeichnen; dies gilt auch für Bekanntmachungen, Ausschreiben und weitere Niederschriften des Wahlvorstands.
Bekanntmachungen des Wahlvorstands können durch Aushang und durch Einsatz der im Betrieb vorhandenen Informations- und Kommunikationstechnik erfolgen. Der Aushang erfolgt an einer oder mehreren geeigneten, den Wahlberechtigten zugänglichen Stellen im Betrieb. Er ist in gut lesbarem Zustand zu erhalten. Der Einsatz der Informations- und Kommunikationstechnik ist nur zulässig, wenn der Adressatenkreis dieser Bekanntmachungsform von der Bekanntmachung Kenntnis erlangen kann und Vorkehrungen getroffen sind, damit nur der Wahlvorstand Änderungen der Bekanntmachung vornehmen kann.
Die Konzernunternehmen haben die Wahlvorstände bei der Erfüllung ihrer Aufgaben zu unterstützen und ihnen den erforderlichen Geschäftsbedarf zur Verfügung zu stellen.
Die Wahlvorstände sollen dafür sorgen, dass ausländische Arbeitnehmer, die der deutschen Sprache nicht mächtig sind, rechtzeitig über den Anlass der Wahl, das Wahlverfahren, die Abstimmungen, die Aufstellung der Wählerliste und der Wahlvorschläge, den Wahlvorgang und die Stimmabgabe in geeigneter Weise unterrichtet werden.

Wählerliste
Der Betriebswahlvorstand stellt unverzüglich nach seiner Bildung eine Liste der Wahlberechtigten des Betriebs (Wählerliste) auf. Die Wahlberechtigten sollen in alphabetischer Reihenfolge mit Familienname, Vorname und Geburtsdatum aufgeführt werden. Das Aufstellen der Wählerliste kann durch Einsatz der im Betrieb vorhandenen Informations- und Kommunikationstechnik erfolgen, wenn Vorkehrungen getroffen sind, damit nur der Wahlvorstand Änderungen in der Wählerliste vornehmen kann.
Das Unternehmen hat den Betriebswahlvorständen alle für die Anfertigung der Wählerliste erforderlichen Auskünfte zu erteilen und die erforderlichen Unterlagen zur Verfügung zu stellen.
Der Betriebswahlvorstand berichtigt oder ergänzt die Wählerliste unverzüglich, wenn ein Arbeitnehmer
in den Betrieb eintritt oder aus ihm ausscheidet,
das 18. Lebensjahr vollendet oder
wenn sich in sonstiger Weise die Voraussetzungen, auf denen eine Eintragung in der Wählerliste beruht, ändern.
An Wahlen und Abstimmungen können nur Arbeitnehmer teilnehmen, die in der Wählerliste eingetragen sind.

Bekanntmachung über die Bildung
der Wahlvorstände und die Wählerliste
Die Einsichtnahme in die Wählerliste, das Gesetz und diese Verordnung ist unverzüglich bis zum Abschluss der Wahl der Aufsichtsratsmitglieder der Arbeitnehmer zu ermöglichen. Die zur Einsichtnahme bestimmte Wählerliste soll die Geburtsdaten der Wahlberechtigten nicht enthalten. Die Einsichtnahme kann durch Auslegung an geeigneter Stelle im Betrieb und durch Einsatz der im Betrieb vorhandenen Informations- und Kommunikationstechnik ermöglicht werden.
Der Betriebswahlvorstand macht gleichzeitig mit der Ermöglichung der Einsichtnahme in die Wählerliste die Namen seiner Mitglieder und seine Anschrift sowie die Anschrift des Hauptwahlvorstands bekannt. Die Bekanntmachung erfolgt vom Tag ihres Erlasses bis zum Abschluss der Wahl der Aufsichtsratsmitglieder der Arbeitnehmer. Der Betriebswahlvorstand vermerkt auf der Bekanntmachung den ersten und den letzten Tag dieses Zeitraums. In der Bekanntmachung ist ferner anzugeben:
das Datum ihres Erlasses;
wo und wie die Wahlberechtigten in die Wählerliste, das Gesetz und diese Verordnung Einsicht nehmen können;
dass Einsprüche gegen die Richtigkeit der Wählerliste nur innerhalb von einer Woche seit Erlass der Bekanntmachung schriftlich beim Betriebswahlvorstand eingelegt werden können; der letzte Tag der Frist ist anzugeben;
dass Einsprüche gegen Berichtigungen und Ergänzungen der Wählerliste nur innerhalb von einer Woche seit der Berichtigung oder der Ergänzung eingelegt werden können;
dass an Wahlen und Abstimmungen nur Arbeitnehmer teilnehmen können, die in der Wählerliste eingetragen sind.

Übersendung der Wählerliste
Der Betriebswahlvorstand übersendet dem Hauptwahlvorstand unverzüglich eine Kopie der Wählerliste und teilt ihm die Zahl der in der Regel im Betrieb beschäftigten Arbeitnehmer mit.
Der Betriebswahlvorstand teilt Berichtigungen und Ergänzungen der Wählerliste dem Hauptwahlvorstand unverzüglich mit.

Einsprüche gegen
die Richtigkeit der Wählerliste
Gegen die Richtigkeit der Wählerliste kann Einspruch eingelegt werden. Einsprüche gegen die Richtigkeit der Wählerliste können nur innerhalb von einer Woche seit Erlass der Bekanntmachung nach § 8 Abs. 2 schriftlich beim Betriebswahlvorstand eingelegt werden. Einsprüche gegen Berichtigungen und Ergänzungen der Wählerliste können nur innerhalb von einer Woche seit der Berichtigung oder der Ergänzung eingelegt werden.
Über Einsprüche nach Absatz 1 ist unverzüglich zu entscheiden. Ist ein Einspruch begründet, so wird die Wählerliste berichtigt. Der Betriebswahlvorstand teilt die Entscheidung der Person, die den Einspruch eingelegt hat, unverzüglich schriftlich mit.

Unmittelbare Wahl der
Aufsichtsratsmitglieder der Arbeitnehmer

Wahlausschreiben

Wahlausschreiben
Steht fest, dass die Aufsichtsratsmitglieder der Arbeitnehmer in unmittelbarer Wahl zu wählen sind, so erlässt der Hauptwahlvorstand ein Wahlausschreiben. Es muss folgende Angaben enthalten:
den für die Bekanntmachung bestimmten Zeitpunkt;
dass die Aufsichtsratsmitglieder der Arbeitnehmer von allen Wahlberechtigten in unmittelbarer Wahl zu wählen sind;
dass an der Wahl und an Abstimmungen nur Arbeitnehmer teilnehmen können, die in der Wählerliste eingetragen sind;
den Zeitpunkt, bis zu dem Wahlvorschläge eingereicht werden können;
dass die Stimmabgabe an Wahlvorschläge gebunden ist und dass nur solche Wahlvorschläge berücksichtigt werden dürfen, die fristgerecht eingereicht sind;
den Tag oder die Tage der Stimmabgabe für die Wahl der Aufsichtsratsmitglieder der Arbeitnehmer;
die Anschrift des Hauptwahlvorstands.
Der Hauptwahlvorstand übersendet das Wahlausschreiben den Betriebswahlvorständen und teilt ihnen schriftlich den Zeitpunkt mit, von dem ab es in den Betrieben bekannt zu machen ist. Jeder Betriebswahlvorstand ergänzt das Wahlausschreiben um die folgenden Angaben:
wo und wie die Wahlberechtigten von den Wahlvorschlägen Kenntnis erlangen können;
Ort und Zeit der Stimmabgabe und der öffentlichen Stimmauszählung;
den Hinweis auf die Möglichkeit der schriftlichen Stimmabgabe sowie die Betriebsteile, Kleinstbetriebe und Betriebe, für die schriftliche Stimmabgabe nach § 41 Abs. 3 beschlossen ist;
dass Einsprüche und sonstige Erklärungen gegenüber dem Betriebswahlvorstand abzugeben sind;
die Anschrift des Betriebswahlvorstands.
Für die Bekanntmachung des Wahlausschreibens ist § 23 Abs. 4 und 5 entsprechend anzuwenden.

Durchführung der Wahl

Wahl mehrerer Aufsichtsratsmitglieder
der Arbeitnehmer in einem Wahlgang
auf Grund mehrerer Wahlvorschläge

Stimmabgabe, Wahlvorgang
Sind in einem Wahlgang mehrere Aufsichtsratsmitglieder der Arbeitnehmer zu wählen und liegen für diesen Wahlgang mehrere gültige Wahlvorschläge vor, so kann der Wähler seine Stimme nur für einen dieser Wahlvorschläge abgeben. Die Stimmabgabe erfolgt durch Abgabe von Stimmzetteln. Der Begriff des Wahlgangs im Sinne dieses Kapitels bestimmt sich nach § 24 Abs. 4.