???????? ????? ?
?????????? ?? ?????? ? ?????? ????????? ??????????? ????????? ?????????? ???:
???? ?????????? ?????














  ????????????
      ?????????




????????????

??? ???????



?????
???? (???.)

???????, ????? ?/?




?????????

“?????-????”



0,7 ?
31-00

???????, ????? ?????




?????????

“?????-????”



0,7 ?
31-00

??????, ????? ?/?




?????????

“?????-????”



0,7 ?
31-00

??????, ????? ?/?




?????????

“??????”



0,5 ?
24-00

??????, ????? ?/?




?????????

“????-???”



0,5 ?
26-00

??????, ????? ?????




?????????

“????-???”



0,5 ?
26-00

????, ????? ?????




?????????

“??????”



0,5 ?
24-00

???????, ????? ?????




?????????

“??????”



0,5 ?
24-00

????????, ????? ?/?




?????????

“?????-????”



0,7 ?
31-00

????????, ????? ?????




?????????

“?????-????”



0,7 ?
31-00

????????, ????? ?????




?????????

“??????”



0,5 ?
24-00

???????, ????? ?/?




?????????

“?????-????”



0,7 ?
31-00

???????, ????? ?/?




?????????

“????-???”



0,5 ?
26-00

???????, ????? ?/?




?????????

“????-???”



0,5 ?
26-00

????????, ????? ?????




?????????

“??????”



0,5 ?
24-00

???????, ????? ?/?




?????????

“?????-????”



0,7 ?
31-00

???????, ????? ?????




?????????

“?????-????”



0.7 ?
31-00

???????, ????? ?????




?????????

“??????”



0,5 ?
24-00

???????, ????? ?????




?????????

“?????-????”



0,7 ?
31-00


???? ?????????? ???????













   ????????????
      ?????????




????????????

??? ???????



?????
???? (???.)
????????, ??????? ?/?




??????????-???

“?????”



0,7 ?
26-00
????????, ??????? ?/?




?????????

“?????-????”



0,7 ?
31-00
????????, ??????? ?/?




?????????

“????-???”



0,5 ?
26-00
????????, ??????? ?/?




?????????

“???????”



0,5 ?
25-00
????????, ???????, ?????.




????????

“?????????”



0,5 ?
27-00
?????, ???????, ??????.




????????

“?????????”



0,5 ?
27-00
???????, ??????? ?/??




?????????

“????-???”



0,5 ?
26-00
???????? ???, ??????? ?/??




?????????

“????-???”



0,5 ?
26-00
???????? ?????, ??????? ?/?




?????????

“?????-????”



0,7 ?
31-00
?????, ??????? ?????




?????????

“?????-????”



0,7 ?
31-00

???? ???????? ???????














???????????? 
?????????




????????????


??? ???????


?????
???? (???.)

??????? 
????????, 91 ???, ???????




???.???????


“?????”


0,7?
38-00

???????? ?? ???????
????????, 89 ???, ???????




???.???????


“?????”


0,7 ?
38-00


???????????????? ????? 
???????????? ???????













????????????
?????????








???????,
??

??????????
? ????????

????
(???.)
????? "???????"








1700

6

25-35
?????? ????????????








720

8

13-97
?????? ????????????








1700

6

23-66
?????? ??????? ??????????








720

8

12-66
????? ??????????








720

8

17-87
???????? ??????? ????????????








720

8

14-56
????? ???????








720

8

20-96
??????? ????? ? ??????








720

8

15-55
??????? ????? ? ????????








720

8

12-17
===============================================
???  ???????? ????? ?  ???./???? (095) 941-53-93,  940-29-78
?/? 40702810400000000077 ?/? 30101810100000000101 ? ??? “????? ????” ??? 044525101 ??? 707221913
123007, ??????, 5-? ????????????? ??., ?. 10?, ??.10 (?."???????", "????????????")
????? ??????: ? 9.00 ?? 18.00 ??.???.
http://askat.da.ru     http://best.wine.jump.ru    http://bestwine.ussr.to
e-mail: wine@ok.ru   
e-mail: askatm@netscape.net 
(???????????, ??? ????????? ?????-????? ?????????
?????? ?? ?????? "price" ? ???? "subject")
??? ????????????? ???????? ???????? ??????!
??? ?????? ?? ???????? ???????? ?????????????? ??????!
(?? ?????? ?????? ? ??? ??????????? ? ????????? ??????)
