INFORMACJA O WYBORZE
NAJKORZYSTNIEJSZEJ OFERTY


ZAMAWIAJ?CY

I.1) OFICJALNA NAZWA I ADRES ZAMAWIAJ?CEGO

TRYB I PRZEDMIOT ZAMÓWIENIA
RODZAJ ZAMÓWIENIA: roboty budowlane
TRYB UDZIELENIA ZAMÓWIENIA:   przetarg nieograniczony
NAZWA NADANA ZAMÓWIENIU PRZEZ ZAMAWIAJ?CEGO:
przebudowa ulic wraz z infrastruktur? w Cekcynie

Nazwa i adres wykonawcy, któremu udzielono zamówienia


Informacja o cenie wybranej oferty:  cena brutto 2.246.521,35 z?

Cekcyn, dnia 30.01.2006 r.                                                         
                                                                                               Wójt Gminy
                                                                                     mgr in?. Jacek Brygman


