File name=







Page  of TEST TABLE OF CONTENTS
	
	

Heading paragraph in next page
Another heading paragraph in further page