

QUOTE REQUEST FORM

COMPANY
  Nuix Pty Ltd

NAME
  Haytham Abou shakra

ADDRESS
  Level 8 / 143 York Street


Sydney 2000

PHONE
  02 9283 9010
FAX
  02 9283 9020

EMAIL


DATE
02.12.02
ASSIST
Luke Sexton

NUMBER
NUIQ021202
ORDER #




STYLE
DETAILS
COLOUR
QTY
Price *
per Unit
Production / Set Ups
P051JTWX
T-Shirt Incl. Spandex Rib Neck 
Logo: 1 x 1 Col. Screen Print
White
8
$9.43
$66.00 Per Embroidered Logo Design




$70.00 Per Colour Per Screen Printed logo Design
P051JTBX
T-Shirt Incl. Spandex Rib Neck 
Logo: 1 x 1 Col. Screen Print
Black
10
$9.43

P05250W
Pique Polo Shirt 
Incl. 210 GSM Weighting
Logo: 1 x Embroidery
White 
6
$22.38


Pique Polo Shirt 
Incl. 210 GSM Weighting
Logo: 1 x 1 Col. Screen Print


$19.88

P05250B
Pique Polo Shirt 
Incl. 210 GSM Weighting
Logo: 1 x Embroidery
Black
8
$22.38


Pique Polo Shirt 
Incl. 210 GSM Weighting
Logo: 1 x 1 Col. Screen Print


$19.88

*ALL PRICES ABOVE ARE SUBJECT TO 10% GST
Production time 2-3 weeks
This quotation is valid for 30 days, 
Postage and handling additional
Artwork to be supplied, however our art department can assist.   
*Production time starts from the approval of artwork and sample





