XXXX Xxxxx

XXX XXXXXXXXXXX
Please xxxxxx the xxxx xxxxx result to XX. XXXXX xX by email to XXXXXXXXX@XXXXXXX.XXX , please also forward the email to us overnight, thanks. (XXXXXX)


XXXXXXXXXXXXX




XXXXXX XXXXX XXXXXXX XXX
Please prepare and send us have xxxxx xxxxxxxxxx xxxxxxxxx. Thanks xxxxx 

XXXXX XXXXXXXXXX XXXXXXXX XXXXXXX ??????????
Please prepare Xxxxxxxxxxx of xxxxxxxxxx xx XXXX Xxxxxx and let us have the xxxxx xxxxxxxxx. XXXXXX xxxxxxx xx xxxxxxxxx xxxx be emailed to you for xxxxxx XXXX xxxxxx. Thank! (xxxxxx)

xxxx xxxxxxxxxxx xxxxxxxxxxxxx xxxxxxx ????????
Please xxxxxre Xxxxxxxxxxx xx xxxxxxxxxx and xxx xx xxxx the draft xxxxxxxxx. xxxxxx xxxxxxx up documents will xx xxxxxxx xx xxx for xxxxxx XXXX xxxxxx. xxxxx! (xxxxxx)

