Introduction
Context

Ref
Header 2.1
Header 2.2
Header 2.3
Header 2.3.1
Header 2.99
Header 2.99.1
Header 2.100
Header 2.101

Test
Code









