Header 
This is a simple line
This is another line 
This is line with bullet
This is a colourful line
