KATALYSE



DATE :
Date
03/07/25


A L'ATTENTION DE :
To Mrs or Mr
M. BERTHOD



ORGANISME :
Company
Société APPLICOLOR



N° DE TELECOPIEUR :
Fax  n°
04 79 83 20 45



PAGES, Y COMPRIS CELLE-CI :
Pages, including this one
1


DE LA PART DE  :
From
Guy LECOLE






Monsieur,


Suite à notre récent contact téléphonique, j'ai le plaisir de confirmer notre rendez-vous du 19 décembre prochain à 15h00 dans vos locaux de Voglans.

Je vous présenterai lors de cette réunion les conclusions du pré-diagnostic stratégique.


Dans cette attente, je vous prie de croire, Monsieur, à l'assurance de mes sentiments les meilleurs.







	GUY LECOLE
