	EUROPÄISCHE UNIONAUSSCHUSS DER REGIONEN	
	Brüssel, den 21. Februar 2002 



43. PLENARTAGUNG DES AUSSCHUSSES DER REGIONEN

ENTWURF DER AUSFÜHRLICHEN TAGESORDNUNG
Paul-Henri Spaak (Europäisches Parlament)
Saal 3C50

Mittwoch, 13. März 2002, 14.30 bis 20.30 Uhr
und Donnerstag, 14. März 2002, 9.00 bis 13.00 Uhr

______________


Vorläufiger Zeitplan

Mittwoch, 13. März 2002

	14.30 Uhr	1.	Annahme der Tagesordnung (CdR 32/2002 rev.1)
		2.	Genehmigung des Protokolls über die 42. Plenartagung am 6. Februar 2002 (CdR 29/2002 und Anlage 1)
		3.	Bestellung der Hauptberichterstatter 
		4.	Mitteilung des Präsidenten
	15.00 Uhr	5.	Erklärung von Laeken – Konvent zur Zukunft Europas (Debatte)
			ERÖRTERUNG UND VERABSCHIEDUNG DER STELLUNGNAHMEN
	15.30 Uhr	6.	Europäische Rahmenbedingungen für die soziale Verantwortung der Unternehmen (Grünbuch der Europäischen Kommission)Fachkommission für Wirtschafts- und Sozialpolitik - Vorsitzender: Herr MESQUITA MACHADO (P/SPE)KOM(2001) 366 endg.CdR 345/2001 rev. 1 – ECOS-001Berichterstatterin: Frau HANNIFY (Mitglied des Grafschaftsrats von Offaly, IRL/EVP)
			
		7.	Entwurf zum Bericht über die soziale Eingliederung (Mitteilung der Europäischen Kommission)Fachkommission für Wirtschafts- und Sozialpolitik - Vorsitzender: Herr MESQUITA MACHADO (P/SPE)KOM(2001) 565 endg.CdR 393/2001 rev.1 – ECOS-002Berichterstatterin: Frau HANHAM (Vorsitzende  des Rats des königlichen Bezirks Kensington et Chelsea, UK/EVP)
			
		8.	Die europäische Verkehrspolitik bis 2010: Weichenstellungen für die Zukunft (Weißbuch der Europäischen Kommission)Fachkommission für Kohäsionspolitik - Vorsitzender: Herr FITTO (I/EVP)CdR 54/2001 rev. 1 – COTER-007Berichterstatterin: Frau BARKER (Mitglied des Rats North East Lincolnshire, UK/SPE)
			
	16.30 Uhr	9.	Ausführungen von Frau Loyola DE PALACIO, Mitglied der Europäischen Kommission, Beziehungen zum Europäischen Parlament, Verkehr, Energie
			
	18.00 Uhr	10.	Entwurf einer Entschließung "Arbeitsprogramm der Europäischen Kommission"Vorsitzende der AdR-FraktionenCdR 41/2002
			
		11.	Bestimmte Rechtsfragen im Zusammenhang mit Kinofilmen und anderen audiovisuellen Werken (Mitteilung der Europäischen Kommission)Fachkommission für Kultur und Bildung - Vorsitzender: Herr JENSEN (DK/SPE)KOM(2001) 534 endg.CdR 387/2001 rev. 1 – EDUC-001Berichterstatterin: Frau BESKOW (ständiges Mitglied des Gemeinderats von Orsa, S/SPE)
			
		12.	Recht der Unionsbürger und ihrer Familienangehörigen, sich im Hoheitsgebiet der Mitgliedstaaten frei zu bewegen und aufzuhalten
(Vorschlag für eine Richtlinie des Europäischen Parlaments und des Rates)Fachkommission für konstitutionelle Fragen und Regieren in Europa - Vorsitzender: Lord TOPE (UK/ELDR)KOM(2001) 257 endg. - 2001/0111 (COD)CdR 287/2001 rev. 2 – CONST-003Berichterstatter: Herr PELLA (Bürgermeister von Valdengo, I/EVP)
			
		13.	Voraussetzungen, unter denen Drittstaatsangehörige im Hoheitsgebiet der Mitgliedstaaten während höchstens drei Monaten Reisefreiheit genießen (Vorschlag für eine Richtlinie des Rates)KOM (2001) 388 endg. – 2001/0155 (CNS) Bedingungen für die Einreise und den Aufenthalt von Drittstaatsangehörigen zur Ausübung einer unselbständigen oder selbständigen Erwerbstätigkeit (Vorschlag für eine Richtlinie des Rates)KOM (2001) 386 endg. – 2001/0154 (CNS) Fachkommission für Außenbeziehungen – Vorsitzender: Herr PALEOLÓGOS (GR/SPE)KOM(2001) 386 endg. - 2001/0154 (CNS)CdR 386/2001 rev. 1 – RELEX-001Berichterstatter: Herr PELLA (Bürgermeister von Valdengo, I/EVP)
			
		14.	Europäisches Regieren (Weißbuch der Europäischen Kommission)KOM(2001) 428 endg.(Mitteilung der Europäischen Kommission)Fachkommission für konstitutionelle Fragen und Regieren in Europa – Vorsitzender: Lord TOPE (UK/ELDR)KOM(2001) 354 endg.CdR 103/2001 rev. 2 – CONST-001Berichterstatter: Herr DELEBARRE (Bürgermeister von Dünkirchen, F/SPE) 
			
		15.	Die Aufteilung der Befugnisse zwischen der Europäischen Union und den Mitgliedstaaten(Bericht des Europäischen Parlaments)Fachkommission für konstitutionelle Fragen und Regieren in Europa – Vorsitzender: Lord TOPE (UK/ELDR)PE 304.276CdR 466/2001 – CONST-002Hauptberichterstatter: Herr CHABERT (Minister für öffentliche Arbeiten, Verkehr, Brandschutz und notärztliche Versorgung der Regierung der Region Brüssel-Hauptstadt, B/EVP); Herr DAMMEYER (Mitglied des Landtags, D/SPE)
			
		16.	Die Förderung der grenzüberschreitenden und interregionalen Zusammenarbeit in einem erweiterten Europa (Initiative des AdR)Fachkommission für Kohäsionspolitik – Vorsitzender: Herr FITTO (I/EVP)CdR 181/2000 rev. 2 – COTER-001Berichterstatter: Herr ROMBOUTS (Bürgermeister von 's-Hertogenbosch, NL/EVP); Herr KAUPPINEN (Bürgermeister von Kuhmo, FIN/ELDR)
			
		17.	Die Inselregionen in der Europäischen Union und ihre Perspektiven im Kontext der Erweiterung (Initiative des AdR)Fachkommission für Kohäsionspolitik – Vorsitzender: Herr FITTO (I/EVP)CdR 301/2001 rev. 2 – COTER-002Berichterstatter: Herr PALÉOLOGOS (Bürgermeister von Livadia, GR/SPE)
			
	+/-20.30 Uhr		UNTERBRECHUNG DER TAGUNG
	Donnerstag, 14. März 2002
			
	9.00 Uhr		WIEDERAUFNAHME DER TAGUNG
			
			ERÖRTERUNG UND VERABSCHIEDUNG DER STELLUNGNAHMEN
			
		18.	Die Stärkung der lokalen Dimension der europäischen Beschäftigungsstrategie (Mitteilung der Europäischen Kommission)Fachkommission für Wirtschafts- und Sozialpolitik – Vorsitzender: Herr MESQUITA MACHADO (P/SPE)KOM(2001) 629 endg.CdR 453/2001 rev. 1– ECOS-005Berichterstatterin: Frau SEXTON (Bürgermeisterin von Longford, IRL/ELDR)
			
		19.	Das Gemeinsame Vokabular für öffentliche Aufträge (CPV) (Vorschlag für eine Verordnung des Europäischen Parlaments und des Rates)Fachkommission für Wirtschafts- und Sozialpolitik – Vorsitzender: Herr MESQUITA MACHADO (P/SPE)KOM(2001) 449 endg. - 2001/0179 (COD)CdR 391/2001 rev. 2 – ECOS-004Berichterstatterin: Frau SEGERSTEN-LARSSON (der Opposition angehörendes ständiges Mitglied des Provinziallandtags von Värmland, S/EVP)
			
	10.00 Uhr	20.	Ausführungen von Minister LUCAS GIMENEZ als Vertreter des spanischen Ratsvorsitzes
			
	11.00 Uhr	21.	Partnerschaften zwischen kommunalen und regionalen Gebietskörperschaften und Organisationen der Sozialwirtschaft: Beitrag zu Beschäftigung, lokaler Entwicklung und sozialem Zusammenhalt (Initiativstellungnahme des AdR)Fachkommission für Wirtschafts- und Sozialpolitik – Vorsitzender: Herr MESQUITA MACHADO (PT/SPE)CdR 384/2001 rev. 2 – ECOS-003Berichterstatter: Herr VERKERK (Schöffe der Stadt Den Haag, NL/ELDR)
			
		22.	Die Durchführung der ersten Phase des Europäischen Programms zur Klimaänderung (ECCP) (Mitteilung der Europäischen Kommission)KOM(2001) 580 endg.Ein System für den Handel mit Treibhausgasemissionsberechtigungen in der Gemeinschaft (Vorschlag für eine Richtlinie des Europäischen Parlaments und des Rates)KOM(2001) 581 endg. - 2001/0245 (COD)Genehmigung des Protokolls von Kyoto zum Rahmenübereinkommen der Vereinten Nationen über Klimaänderungen (Vorschlag für Entscheidung des Rates)Fachkommission für nachhaltige Entwicklung – Vorsitzender:  Herr van GELDER (NL/EVP)KOM(2001) 579 endg. - 2001/0248 (CNS)CdR 458/2001 – DEVE-001Hauptberichterstatterin: Frau RAHKONEN (Mitglied des Gemeinderats und des Stadtvorstands von Espoo, FIN/SPE). 
			
	12.00 Uhr	23.	Verabschiedung des Voranschlags der Einnahmen und Ausgaben des Ausschusses der Regionen für das Haushaltsjahr 2003 (R/CdR 31/2002 pt 10b des Präsidiums) (zur Verabschiedung)
			
		24.	Regeln und Verfahren für lärmbedingte Betriebsbeschränkungen auf Flughäfen der Gemeinschaft (Vorschlag für eine Richtlinie des Europäischen Parlaments und des Rates)Fachkommission für nachhaltige Entwicklung – Vorsitzender:  Herr van GELDER (NL/EVP)KOM(2001) 695 endg. - 2001/0282 CODCdR 26/2001 – DEVE-002 Hauptberichterstatter: Herr van GELDER (Königlicher Kommissar für die Provinz Seeland, NL/EVP) 
			
		25.	Verwaltungsfragen
			
		26.	Verschiedenes
			
		27.	Festsetzung des Termins für die nächste Sitzung
			
	13.00 Uhr		ENDE DER PLENARTAGUNG


__________


Dieses Dokument wurde unter Berücksichtigung von Artikel 15 Absatz 3 der Geschäftsordnung erstellt. Es ist abrufbar unter: http://www.toad.cor.eu.int/agendas/plen/plen_131101_de.htm


__________
F747 2002
-  -
CdR 32/2002 (FR) KI-CF/DC/ws	= " " "/" /
CdR 32/2002 (FR) KI-CF/DC/ws	= " " "/"  