Page 1
Page number is , section number is  
Page , section 

Even header

Odd header
Section 1, header


even footer

odd footer

Page 2
Page number is , section numer is , 
Ug ug, page , section 
Page 1, section 2