		ЕВРОПЕЙСКА КОМИСИЯГЕНЕРАЛНА ДИРЕКЦИЯDir16 BGUnit92 BG
Makzсембург, 
DiGIT A3 OCS/fh D(2007) reg No 123

	Факс
	От:	Address Line 1
Address Line 2
Address Line 3	Тел.	123123 tel
			Факс:	123124 fax
	До:	Françoise Hontoy
DiGIT A3 OCS
JMO c2/20	Тел.	(352) 43 01-35414
			Факс:	(352) 43 01-34311
	Брой на страниците:			
	Относно:	subject of this Bulgarian FAx

Съобщение:
Фквжьисьх Хкп Зьи 1 Фквжьисьх Хкп Зьи 1 Фквжьисьх Хкп Зьи 1 Фквжьисьх Хкп Зьи 1
Фквжьисьх Хкп Зьи 2 Фквжьисьх Хкп Зьи 2 Фквжьисьх Хкп Зьи 2 Фквжьисьх Хкп Зьи 2
Фквжьисьх Хкп Зьи 3 
тгяаг ьяг тьянантья аня
аньята ньяват яньа няатняьта няатнята ньятаньятаняанята ньтантяа ьятанья антьяанья аньят антья антья анвьята вьяат
аньята ньяват яньа няатняьта няатнята ньятаньятаняанята ньтантяа ьятанья антьяанья аньят антья антья анвьята вьяат
аньята ньяват яньа няатняьта няатнята ньятаньятаняанята ньтантяа ьятанья антьяанья аньят антья антья анвьята вьяат
аньята ньяват яньа няатняьта няатнята ньятаньятаняанята ньтантяа ьятанья антьяанья аньят антья антья анвьята вьяат
аньята ньяват яньа няатняьта няатнята ньятаньятаняанята ньтантяа ьятанья антьяанья аньят антья антья анвьята вьяат
аньята ньяват яньа няатняьта няатнята ньятаньятаняанята ньтантяа ьятанья антьяанья аньят антья антья анвьята вьяат
аят атьянват ьянват 

Have a nice day 
	Françoise Hontoy
	Document e-Service team
Лице за контакт:
Françoise Hontoy, Тел.35414, francoise.hontoy@ext.ec.europa.eu
Копие:	M.	T. Reg	M.	T. High
M.	T. Reg jun. 	M.	T. High jun. 






Европейска комисия, L-2920 Люксембург. Телефон: (352) 43 01-1.
Кабинет: JMO c2/20. Телефон: Директен телефон (352) 43 01-35414. Факс: (352) 43 01-34311.

francoise.hontoy@ext.ec.europa.eu