Test text
	TestFootnote
	TestEndnote
TestComment