













Just a Test.
Why won't the text show?
 _________________________________________________________________
Gaia Interactive Online Transaction Processing                   Page  of 
Â© 2006 Gaia Interactive                                                  Confidential             

       
