_TEST_


	_TEST_	_TEST_	_TEST_	_TEST_



_TEST_
