Some text goes here.

HEADER GOES HERE. 8/12/2008 

FOOTER GOES HERE.
