
?????????? ????? ? ??????? ????? ?? ?????? ? ???? ????????????? ???????
? ??????????? 24 ??????? ????????? ?????? ??????? ?????? ????? ? ??????? ??????????? ?????? "??????? ????", ???????? "?????????". ? ????? ??????? ??????? ?? 600 ?? 700 ???????. 
????????? ??????? ???????? ?? ????????? ?????? ?????????? ????? ? ??????? ? ????????? "???????? ????? - ??????????????? ??????", "??????? ??????? - ? ????? ? ???????" ? "????? ???????????? ?????????????". ????? ????? ??? ???????? ?????? ? ?????? ????????????? ????????????????? ?????????? ???????. 
?????????? ????? ? ??????? ???????? ?????????? ??????????? ? ?????????? ?????????????? ????????, ???????? ??????????????? ?????????? ??????? ? ???????????? ??????? ???????????? ??????. ?? ??????? ???? ??????? ?????????, ? ??????? ??? ???????? ?????????? ???????? ?????????-????????????? ? ?????????????? ??????? ?? ???????. 
????????????? ????? ?????? ?? ??????? ?, ? ?????????, ? ?????, ? 22 ???????, ????? ????????? ???? ??????????? ?????. ???, ??? ???????? ?????, ? ??????????? ?????? ?????????? "???????? ?????" ? ??????? ?????? ????? ? ??????????? ???????????. 
? ???????????, 24 ???????, ?? ??????? ?????????? ??????????????? ???????? - ???? ?????????????. 24 ??????? 1991 ???? ????????????? ??????? ???? ????????????? ????????? ?????. 

