Before text; Hyperlink text (http://testuri.org/); after text