Left 0in. First +0in. Tab stops at 0.5in;
Left 0in. First +0.25in; Tab stops at 0.5in;
Left 0in. First +0.7in. Tab stops at 1in;
Left -0.7in; First -0.6in; Tab stops at -1in;