This is a sample word document. It has two pages. It has a 2 column heading, and a three column footer

HEADING TEXT

More on page one


End of page 1

This is page two. It also has a two column heading, and a simple footer.
	[This is an Even Page, with a Header]	August 20, 2008

	August 20, 2008	[ODD Page Header text]

		Page 2	
			
This is a simple footer on the second page
Footer Left	Footer Middle Footer Right