???????????? ?? ?????? ?????????? ?? ???????        
???????? ??????????? ???????? «???????????»                                                                                                             
??????? ????  ? ____________
?.?.?. _____________________________________________________________________________
(????????????)
	????? ?????? ??????? ?? ??????? ?????????? ?? ????????? (????????, ???, ????? ?????)
____________________________________________________________________________________
____________________________________________________________________________________
____________________________________________________________________________________
?????????? _________________________________________________________________________

"_____" _________________  200__?.                                                       ______________________
?.?.                       ??????? ??????????
????????? ??????? ????????????
?????????? ?????? 
????? ?? ???????
????? ????????????










???????????? ?? ?????? ?????????? ?? ???????
???????? ??????????? ???????? «???????????»
                                                                                                                  
??????? ????  ? ____________
?.?.?. _____________________________________________________________________________
(????????????)
	????? ?????? ??????? ?? ??????? ?????????? ?? ????????? (????????, ???, ????? ?????)
____________________________________________________________________________________
____________________________________________________________________________________
____________________________________________________________________________________
?????????? _________________________________________________________________________

"_____" _________________  200__?.                                                       ______________________
?.?.                       ??????? ??????????

????????? ??????? ????????????
?????????? ?????? 
????? ?? ???????
????? ????????????






