Test Document
Testing

Testing

1 2 3

	Test	Table
	Testing	Testing 123

This is in the header




