19/11/2010 14:49:00
Here is a link to an endnotei
Here is a link to a footnote1 
Some annotation linking here
