A text with a link to GitHub Profile (https://github.com/GustavoHennig).