The quick brown fox jumps over the lazy dog

Paragraph 2

Paragraph 3. Has some RED text and some BLUE BOLD text in it.

Last (4th) paragraph.
